10:51:47 **** Incremental Build of configuration Debug for project seguidorlinha ****
make -j8 all 
arm-none-eabi-gcc "../Core/Src/main.c" -mcpu=cortex-m4 -std=gnu11 -g3 -DDEBUG -DUSE_HAL_DRIVER -DSTM32F401xE -c -I../Core/Inc -I../Drivers/STM32F4xx_HAL_Driver/Inc -I../Drivers/STM32F4xx_HAL_Driver/Inc/Legacy -I../Drivers/CMSIS/Device/ST/STM32F4xx/Include -I../Drivers/CMSIS/Include -O0 -ffunction-sections -fdata-sections -Wall -fstack-usage -fcyclomatic-complexity -MMD -MP -MF"Core/Src/main.d" -MT"Core/Src/main.o" --specs=nano.specs -mfpu=fpv4-sp-d16 -mfloat-abi=hard -mthumb -o "Core/Src/main.o"
arm-none-eabi-gcc -o "seguidorlinha.elf" @"objects.list"   -mcpu=cortex-m4 -T"C:\Users\eduar\Desktop\ProjetoEmbarcados\seguidorlinha\STM32F401RETX_FLASH.ld" --specs=nosys.specs -Wl,-Map="seguidorlinha.map" -Wl,--gc-sections -static --specs=nano.specs -mfpu=fpv4-sp-d16 -mfloat-abi=hard -mthumb -Wl,--start-group -lc -lm -Wl,--end-group
Finished building target: seguidorlinha.elf
 
arm-none-eabi-size  seguidorlinha.elf 
arm-none-eabi-objdump -h -S seguidorlinha.elf  > "seguidorlinha.list"
   text	   data	    bss	    dec	    hex	filename
  12484	     12	   1796	  14292	   37d4	seguidorlinha.elf
Finished building: default.size.stdout
 
Finished building: seguidorlinha.list
 
10:51:51 **** Incremental Build of configuration Debug for project seguidorlinha ****
make -j8 all 
arm-none-eabi-size  seguidorlinha.elf 
   text	   data	    bss	    dec	    hex	filename
  12484	     12	   1796	  14292	   37d4	seguidorlinha.elf
Finished building: default.size.stdout
 
